ARM GAS  /var/folders/3l/4j5x1lss10qcxwl8njg_4ksh0000gn/T//ccfQUtel.s 			page 1


   1              		.cpu cortex-m7
   2              		.arch armv7e-m
   3              		.fpu fpv5-d16
   4              		.eabi_attribute 28, 1
   5              		.eabi_attribute 20, 1
   6              		.eabi_attribute 21, 1
   7              		.eabi_attribute 23, 3
   8              		.eabi_attribute 24, 1
   9              		.eabi_attribute 25, 1
  10              		.eabi_attribute 26, 1
  11              		.eabi_attribute 30, 2
  12              		.eabi_attribute 34, 1
  13              		.eabi_attribute 18, 4
  14              		.file	"bitcrush.cpp"
  15              		.text
  16              		.section	.text._ZN7daisysp4FoldD2Ev,"axG",%progbits,_ZN7daisysp4FoldD5Ev,comdat
  17              		.align	1
  18              		.p2align 2,,3
  19              		.weak	_ZN7daisysp4FoldD2Ev
  20              		.syntax unified
  21              		.thumb
  22              		.thumb_func
  24              	_ZN7daisysp4FoldD2Ev:
  25              		@ args = 0, pretend = 0, frame = 0
  26              		@ frame_needed = 0, uses_anonymous_args = 0
  27              		@ link register save eliminated.
  28 0000 7047     		bx	lr
  30              		.weak	_ZN7daisysp4FoldD1Ev
  31              		.thumb_set _ZN7daisysp4FoldD1Ev,_ZN7daisysp4FoldD2Ev
  32 0002 00BF     		.section	.text._ZN7daisysp8Bitcrush4InitEf,"ax",%progbits
  33              		.align	1
  34              		.p2align 2,,3
  35              		.global	_ZN7daisysp8Bitcrush4InitEf
  36              		.syntax unified
  37              		.thumb
  38              		.thumb_func
  40              	_ZN7daisysp8Bitcrush4InitEf:
  41              		@ args = 0, pretend = 0, frame = 0
  42              		@ frame_needed = 0, uses_anonymous_args = 0
  43              		@ link register save eliminated.
  44 0000 0346     		mov	r3, r0
  45 0002 0821     		movs	r1, #8
  46 0004 034A     		ldr	r2, .L4
  47 0006 0448     		ldr	r0, .L4+4
  48 0008 9960     		str	r1, [r3, #8]
  49 000a 5A60     		str	r2, [r3, #4]	@ float
  50 000c 83ED000A 		vstr.32	s0, [r3]
  51 0010 FFF7FEBF 		b	_ZN7daisysp4Fold4InitEv
  52              	.L5:
  53              		.align	2
  54              	.L4:
  55 0014 00401C46 		.word	1176256512
  56 0018 00000000 		.word	.LANCHOR0
  58              		.section	.text._ZN7daisysp8Bitcrush7ProcessEf,"ax",%progbits
  59              		.align	1
  60              		.p2align 2,,3
  61              		.global	_ZN7daisysp8Bitcrush7ProcessEf
ARM GAS  /var/folders/3l/4j5x1lss10qcxwl8njg_4ksh0000gn/T//ccfQUtel.s 			page 2


  62              		.syntax unified
  63              		.thumb
  64              		.thumb_func
  66              	_ZN7daisysp8Bitcrush7ProcessEf:
  67              		@ args = 0, pretend = 0, frame = 0
  68              		@ frame_needed = 0, uses_anonymous_args = 0
  69 0000 D0ED027A 		vldr.32	s15, [r0, #8]	@ int
  70 0004 10B5     		push	{r4, lr}
  71 0006 B8EEE71B 		vcvt.f64.s32	d1, s15
  72 000a 0446     		mov	r4, r0
  73 000c 2DED028B 		vpush.64	{d8}
  74 0010 B0EE408A 		vmov.f32	s16, s0
  75 0014 DFED158A 		vldr.32	s17, .L8
  76 0018 B0EE000B 		vmov.f64	d0, #2.0e+0
  77 001c FFF7FEFF 		bl	pow
  78 0020 F7EEC07B 		vcvt.f32.f64	s15, d0
  79 0024 DFED126A 		vldr.32	s13, .L8+4
  80 0028 94ED005A 		vldr.32	s10, [r4]
  81 002c 86EEA77A 		vdiv.f32	s14, s13, s15
  82 0030 D4ED015A 		vldr.32	s11, [r4, #4]
  83 0034 9FED0F0A 		vldr.32	s0, .L8+8
  84 0038 0F48     		ldr	r0, .L8+12
  85 003a 85EE256A 		vdiv.f32	s12, s10, s11
  86 003e F0EE405A 		vmov.f32	s11, s0
  87 0042 67EEA87A 		vmul.f32	s15, s15, s17
  88 0046 E8EE265A 		vfma.f32	s11, s16, s13
  89 004a 37EE400A 		vsub.f32	s0, s14, s0
  90 004e 67EEA57A 		vmul.f32	s15, s15, s11
  91 0052 80ED006A 		vstr.32	s12, [r0]
  92 0056 FBFE677A 		vrintm.f32	s15, s15
  93 005a 20EE270A 		vmul.f32	s0, s0, s15
  94 005e FFF7FEFF 		bl	_ZN7daisysp4Fold7ProcessEf
  95 0062 20EE280A 		vmul.f32	s0, s0, s17
  96 0066 BDEC028B 		vldm	sp!, {d8}
  97 006a 10BD     		pop	{r4, pc}
  98              	.L9:
  99              		.align	2
 100              	.L8:
 101 006c 00008037 		.word	931135488
 102 0070 00008047 		.word	1199570944
 103 0074 00000047 		.word	1191182336
 104 0078 00000000 		.word	.LANCHOR0
 106              		.section	.text.startup._GLOBAL__sub_I__ZN7daisysp8Bitcrush4InitEf,"ax",%progbits
 107              		.align	1
 108              		.p2align 2,,3
 109              		.syntax unified
 110              		.thumb
 111              		.thumb_func
 113              	_GLOBAL__sub_I__ZN7daisysp8Bitcrush4InitEf:
 114              		@ args = 0, pretend = 0, frame = 0
 115              		@ frame_needed = 0, uses_anonymous_args = 0
 116              		@ link register save eliminated.
 117 0000 024A     		ldr	r2, .L11
 118 0002 0349     		ldr	r1, .L11+4
 119 0004 0348     		ldr	r0, .L11+8
 120 0006 FFF7FEBF 		b	__aeabi_atexit
 121              	.L12:
ARM GAS  /var/folders/3l/4j5x1lss10qcxwl8njg_4ksh0000gn/T//ccfQUtel.s 			page 3


 122 000a 00BF     		.align	2
 123              	.L11:
 124 000c 00000000 		.word	__dso_handle
 125 0010 00000000 		.word	_ZN7daisysp4FoldD1Ev
 126 0014 00000000 		.word	.LANCHOR0
 128              		.section	.init_array,"aw",%init_array
 129              		.align	2
 130 0000 00000000 		.word	_GLOBAL__sub_I__ZN7daisysp8Bitcrush4InitEf(target1)
 131              		.section	.bss._ZL4fold,"aw",%nobits
 132              		.align	2
 133              		.set	.LANCHOR0,. + 0
 136              	_ZL4fold:
 137 0000 00000000 		.space	16
 137      00000000 
 137      00000000 
 137      00000000 
 138              		.hidden	__dso_handle
 139              		.ident	"GCC: (GNU Arm Embedded Toolchain 10.3-2021.10) 10.3.1 20210824 (release)"
ARM GAS  /var/folders/3l/4j5x1lss10qcxwl8njg_4ksh0000gn/T//ccfQUtel.s 			page 4


DEFINED SYMBOLS
                            *ABS*:0000000000000000 bitcrush.cpp
/var/folders/3l/4j5x1lss10qcxwl8njg_4ksh0000gn/T//ccfQUtel.s:17     .text._ZN7daisysp4FoldD2Ev:0000000000000000 $t
/var/folders/3l/4j5x1lss10qcxwl8njg_4ksh0000gn/T//ccfQUtel.s:24     .text._ZN7daisysp4FoldD2Ev:0000000000000000 _ZN7daisysp4FoldD2Ev
/var/folders/3l/4j5x1lss10qcxwl8njg_4ksh0000gn/T//ccfQUtel.s:24     .text._ZN7daisysp4FoldD2Ev:0000000000000000 _ZN7daisysp4FoldD1Ev
/var/folders/3l/4j5x1lss10qcxwl8njg_4ksh0000gn/T//ccfQUtel.s:33     .text._ZN7daisysp8Bitcrush4InitEf:0000000000000000 $t
/var/folders/3l/4j5x1lss10qcxwl8njg_4ksh0000gn/T//ccfQUtel.s:40     .text._ZN7daisysp8Bitcrush4InitEf:0000000000000000 _ZN7daisysp8Bitcrush4InitEf
/var/folders/3l/4j5x1lss10qcxwl8njg_4ksh0000gn/T//ccfQUtel.s:55     .text._ZN7daisysp8Bitcrush4InitEf:0000000000000014 $d
/var/folders/3l/4j5x1lss10qcxwl8njg_4ksh0000gn/T//ccfQUtel.s:59     .text._ZN7daisysp8Bitcrush7ProcessEf:0000000000000000 $t
/var/folders/3l/4j5x1lss10qcxwl8njg_4ksh0000gn/T//ccfQUtel.s:66     .text._ZN7daisysp8Bitcrush7ProcessEf:0000000000000000 _ZN7daisysp8Bitcrush7ProcessEf
/var/folders/3l/4j5x1lss10qcxwl8njg_4ksh0000gn/T//ccfQUtel.s:101    .text._ZN7daisysp8Bitcrush7ProcessEf:000000000000006c $d
/var/folders/3l/4j5x1lss10qcxwl8njg_4ksh0000gn/T//ccfQUtel.s:107    .text.startup._GLOBAL__sub_I__ZN7daisysp8Bitcrush4InitEf:0000000000000000 $t
/var/folders/3l/4j5x1lss10qcxwl8njg_4ksh0000gn/T//ccfQUtel.s:113    .text.startup._GLOBAL__sub_I__ZN7daisysp8Bitcrush4InitEf:0000000000000000 _GLOBAL__sub_I__ZN7daisysp8Bitcrush4InitEf
/var/folders/3l/4j5x1lss10qcxwl8njg_4ksh0000gn/T//ccfQUtel.s:124    .text.startup._GLOBAL__sub_I__ZN7daisysp8Bitcrush4InitEf:000000000000000c $d
/var/folders/3l/4j5x1lss10qcxwl8njg_4ksh0000gn/T//ccfQUtel.s:129    .init_array:0000000000000000 $d
/var/folders/3l/4j5x1lss10qcxwl8njg_4ksh0000gn/T//ccfQUtel.s:132    .bss._ZL4fold:0000000000000000 $d
/var/folders/3l/4j5x1lss10qcxwl8njg_4ksh0000gn/T//ccfQUtel.s:136    .bss._ZL4fold:0000000000000000 _ZL4fold
                           .group:0000000000000000 _ZN7daisysp4FoldD5Ev

UNDEFINED SYMBOLS
_ZN7daisysp4Fold4InitEv
pow
_ZN7daisysp4Fold7ProcessEf
__aeabi_atexit
__dso_handle
